[backblue.gif]
[fade.gif]
[index.html]
[www.internationalshipcare.com/wp-includes/css/classic-themes.min68b3.css]
[www.internationalshipcare.com/wp-content/plugins/contact-form-7/includes/css/styles42f0.css]
[www.internationalshipcare.com/wp-content/plugins/wpforms-lite/assets/css/wpforms-full.min41a5.css]
[www.internationalshipcare.com/wp-content/plugins/ht-mega-for-elementor/assets/css/htbbootstrap055b.css]
[www.internationalshipcare.com/feed/index.html]
[www.internationalshipcare.com/wp-content/plugins/elementor/assets/lib/font-awesome/css/font-awesome.min1849.css]
[www.internationalshipcare.com/comments/feed/index.html]
[www.internationalshipcare.com/wp-content/plugins/ht-mega-for-elementor/assets/css/animation055b.css]
[www.internationalshipcare.com/wp-content/plugins/ht-mega-for-elementor/assets/css/htmega-keyframes055b.css]
[www.internationalshipcare.com/wp-content/themes/transx/css/bootstrap6a4d.css]
[www.internationalshipcare.com/wp-content/themes/transx/css/font-awesome.min6a4d.css]
[www.internationalshipcare.com/wp-content/themes/transx/css/theme6a4d.css]
[www.internationalshipcare.com/wp-content/uploads/2022/08/logo-shipcare.png]
[www.internationalshipcare.com/wp-content/themes/transx/css/owl.carousel6a4d.css]
[www.internationalshipcare.com/wp-content/plugins/quadmenu/assets/frontend/pscrollbar/perfect-scrollbar.min95b8.css]
[www.internationalshipcare.com/wp-content/plugins/quadmenu/assets/frontend/owlcarousel/owl.carousel.min95b8.css]
[www.internationalshipcare.com/wp-content/plugins/elementor/assets/lib/eicons/css/elementor-icons.min7816.css]
[www.internationalshipcare.com/wp-includes/css/dashicons.min6a4d.css]
[www.internationalshipcare.com/wp-content/plugins/elementor/assets/css/frontend-lite.mina4f3.css]
[www.internationalshipcare.com/wp-content/uploads/elementor/css/post-671ef.css]
[www.internationalshipcare.com/wp-content/plugins/transx-plugin/css/transx_plugin6a4d.css]
[www.internationalshipcare.com/wp-content/plugins/transx-plugin/css/jquery.fancybox.min6a4d.css]
[www.internationalshipcare.com/wp-content/plugins/transx-plugin/css/ion.rangeSlider.min6a4d.css]
[www.internationalshipcare.com/wp-content/uploads/elementor/css/global71ef.css]
[www.internationalshipcare.com/wp-content/uploads/elementor/css/post-5762e2.css]
[www.internationalshipcare.com/wp-content/plugins/elementor/assets/lib/font-awesome/css/fontawesome.min52d5.css]
[www.internationalshipcare.com/wp-content/plugins/elementor/assets/lib/font-awesome/css/regular.min52d5.css]
[www.internationalshipcare.com/wp-content/plugins/elementor/assets/lib/font-awesome/css/solid.min52d5.css]
[www.internationalshipcare.com/wp-content/plugins/google-analytics-for-wordpress/assets/js/frontend-gtag.min79da.js]
[www.internationalshipcare.com/wp-includes/js/jquery/jquery-migrate.mind617.js]
[www.internationalshipcare.com/wp-includes/js/jquery/jquery.mina7a0.js]
[www.internationalshipcare.com/wp-json/index.html]
[www.internationalshipcare.com/wp-json/wp/v2/pages/57.json]
[www.internationalshipcare.com/xmlrpc0db0.php]
[www.internationalshipcare.com/wp-includes/wlwmanifest.xml]
[www.internationalshipcare.com/wp-json/oembed/1.0/embed8379.json]
[www.internationalshipcare.com/wp-json/oembed/1.0/embed6141]
[www.internationalshipcare.com/wp-content/uploads/2022/08/cropped-shipcare-favicon-32x32.png]
[www.internationalshipcare.com/wp-content/uploads/2022/08/cropped-shipcare-favicon-192x192.png]
[www.internationalshipcare.com/wp-content/uploads/2022/08/cropped-shipcare-favicon-180x180.png]
[www.internationalshipcare.com/wp-content/uploads/2022/10/UKAS-AND-ISO-9001.jpg]
[www.internationalshipcare.com/wp-content/uploads/2022/08/white-mobile.png]
[www.internationalshipcare.com/wp-content/uploads/2022/08/white-call.png]
[www.internationalshipcare.com/wp-content/uploads/2022/08/white-envelope.png]
[www.internationalshipcare.com/wp-content/uploads/2022/09/1-scaled.webp]
[www.internationalshipcare.com/wp-content/uploads/2022/11/20.jpg]
[www.internationalshipcare.com/wp-content/uploads/2022/09/3.webp]
[www.internationalshipcare.com/wp-content/uploads/2022/08/arrow-white-698x1024.png]
[www.internationalshipcare.com/who-we-are/index.html]
[www.internationalshipcare.com/wp-content/uploads/2022/08/ship-lay-up-guide-e1660301577132-575x670.jpg]
[www.internationalshipcare.com/why-isc/index.html]
[www.internationalshipcare.com/wp-content/plugins/wpforms-lite/assets/images/submit-spin.svg]
[www.internationalshipcare.com/wp-content/uploads/2022/08/ship-layup-guide-423x600.jpg]
[www.internationalshipcare.com/locations/index.html]
[www.internationalshipcare.com/vessel-layup-services/index.html]
[www.internationalshipcare.com/wp-content/uploads/2022/10/wallem-logo.png]
[www.internationalshipcare.com/other-services/index.html]
[www.internationalshipcare.com/meet-our-team/index.html]
[www.internationalshipcare.com/career/index.html]
[www.internationalshipcare.com/wp-content/uploads/2022/10/modec-logo.png]
[www.internationalshipcare.com/contact-us/index.html]
[www.internationalshipcare.com/wp-content/uploads/2022/10/pt-humolco-logo.jpg]
[www.internationalshipcare.com/wp-content/uploads/2022/10/matson-logo.png]
[www.internationalshipcare.com/wp-content/uploads/2022/11/misc.png]
[www.internationalshipcare.com/wp-content/uploads/2022/11/maersk.png]
[www.internationalshipcare.com/wp-content/uploads/2022/11/woodside.jpg]
[www.internationalshipcare.com/wp-content/uploads/2022/11/eaglestar.png]
[www.internationalshipcare.com/wp-content/uploads/2022/11/agp.jpg]
[www.internationalshipcare.com/wp-content/uploads/2022/08/facebook.png]
[www.internationalshipcare.com/wp-content/uploads/2022/08/instagram.png]
[www.internationalshipcare.com/wp-content/uploads/2022/08/linkedin.png]
[www.internationalshipcare.com/wp-content/uploads/2022/08/youtube.png]
[www.internationalshipcare.com/wp-content/plugins/ht-mega-for-elementor/assets/css/htmega-widgets055b.css]
[www.internationalshipcare.com/wp-content/plugins/elementor/assets/lib/animations/animations.mina4f3.css]
[www.internationalshipcare.com/wp-content/plugins/contact-form-7/includes/swv/js/index42f0.js]
[www.internationalshipcare.com/wp-content/plugins/contact-form-7/includes/js/index42f0.js]
[www.internationalshipcare.com/wp-content/plugins/ht-mega-for-elementor/assets/js/popper.min055b.js]
[www.internationalshipcare.com/wp-content/plugins/ht-mega-for-elementor/assets/js/htbbootstrap055b.js]
[www.internationalshipcare.com/wp-content/plugins/ht-mega-for-elementor/assets/js/waypoints055b.js]
[www.internationalshipcare.com/wp-content/themes/transx/js/theme6a4d.js]
[www.internationalshipcare.com/wp-content/themes/transx/js/owl.carousel.min6a4d.js]
[www.internationalshipcare.com/wp-content/plugins/quadmenu/assets/frontend/pscrollbar/perfect-scrollbar.jquery.min95b8.js]
[www.internationalshipcare.com/wp-content/plugins/quadmenu/assets/frontend/owlcarousel/owl.carousel.min95b8.js]
[www.internationalshipcare.com/wp-includes/js/hoverIntent.min3e5a.js]
[www.internationalshipcare.com/wp-content/plugins/quadmenu/assets/frontend/js/quadmenu.min95b8.js]
[www.internationalshipcare.com/wp-content/plugins/jetpack-boost/jetpack_vendor/automattic/jetpack-lazy-images/dist/intersection-observer05bd.js]
[www.internationalshipcare.com/wp-content/plugins/jetpack-boost/jetpack_vendor/automattic/jetpack-lazy-images/dist/lazy-imagescac1.js]
[www.internationalshipcare.com/wp-content/plugins/wp-smushit/app/assets/js/smush-lazy-load-native.min5900.js]
[www.internationalshipcare.com/wp-content/plugins/transx-plugin/js/lib/slick.min6a4d.js]
[www.internationalshipcare.com/wp-content/plugins/transx-plugin/js/lib/jquery.fancybox.min6a4d.js]
[www.internationalshipcare.com/wp-content/plugins/transx-plugin/js/content-slider-widget6a4d.js]
[www.internationalshipcare.com/wp-content/plugins/transx-plugin/js/video-widget6a4d.js]
[www.internationalshipcare.com/wp-content/plugins/transx-plugin/js/testimonials-widget6a4d.js]
[www.internationalshipcare.com/wp-content/plugins/elementor/assets/js/webpack.runtime.mina4f3.js]
[www.internationalshipcare.com/wp-content/plugins/elementor/assets/js/frontend-modules.mina4f3.js]
[www.internationalshipcare.com/wp-content/plugins/elementor/assets/lib/waypoints/waypoints.min05da.js]
[www.internationalshipcare.com/wp-includes/js/jquery/ui/core.min3f14.js]
[www.internationalshipcare.com/wp-content/plugins/elementor/assets/js/frontend.mina4f3.js]
[www.internationalshipcare.com/wp-includes/js/underscore.mind584.js]
[www.internationalshipcare.com/wp-includes/js/wp-util.min6a4d.js]
[www.internationalshipcare.com/wp-content/plugins/wpforms-lite/assets/js/integrations/elementor/frontend.min41a5.js]
[www.internationalshipcare.com/wp-content/plugins/wpforms-lite/assets/lib/jquery.validate.min7e9d.js]
[www.internationalshipcare.com/wp-content/plugins/wpforms-lite/assets/lib/mailcheck.mincfa9.js]
[www.internationalshipcare.com/wp-content/plugins/wpforms-lite/assets/lib/punycode.min8a54.js]
[www.internationalshipcare.com/wp-content/plugins/wpforms-lite/assets/js/utils.min41a5.js]
[www.internationalshipcare.com/wp-content/plugins/wpforms-lite/assets/js/wpforms.min41a5.js]
[www.internationalshipcare.com/index.html]
[www.internationalshipcare.com/wp-includes/css/classic-themes.min68b3.css]
[www.internationalshipcare.com/wp-content/plugins/contact-form-7/includes/css/styles42f0.css]
[www.google.com/recaptcha/api6680.js]
[www.internationalshipcare.com/wp-content/plugins/wpforms-lite/assets/images/times-solid-white.svg]
[www.internationalshipcare.com/wp-content/plugins/wpforms-lite/assets/css/wpforms-full.min41a5.css]
[www.internationalshipcare.com/wp-content/plugins/ht-mega-for-elementor/assets/css/htbbootstrap055b.css]
[www.internationalshipcare.com/wp-content/plugins/elementor/assets/lib/font-awesome/fonts/fontawesome-webfont3e6e.eot]
[www.internationalshipcare.com/wp-content/plugins/elementor/assets/lib/font-awesome/fonts/fontawesome-webfont3e6e.woff2]
[www.internationalshipcare.com/wp-content/plugins/elementor/assets/lib/font-awesome/fonts/fontawesome-webfontd41d.eot]
[www.internationalshipcare.com/wp-content/plugins/elementor/assets/lib/font-awesome/fonts/fontawesome-webfont3e6e.woff]
[www.internationalshipcare.com/wp-content/plugins/elementor/assets/lib/font-awesome/fonts/fontawesome-webfont3e6e.ttf]
[www.internationalshipcare.com/wp-content/plugins/elementor/assets/lib/font-awesome/css/font-awesome.min1849.css]
[www.internationalshipcare.com/wp-content/plugins/ht-mega-for-elementor/assets/css/animation055b.css]
[www.internationalshipcare.com/wp-content/plugins/ht-mega-for-elementor/assets/css/htmega-keyframes055b.css]
[www.internationalshipcare.com/wp-content/themes/transx/css/bootstrap6a4d.css]
[www.internationalshipcare.com/wp-content/plugins/elementor/assets/lib/font-awesome/fonts/fontawesome-webfont3e6e.svg]
[www.internationalshipcare.com/wp-content/themes/transx/fonts/fontawesome-webfont3e6e.eot]
[www.internationalshipcare.com/wp-content/themes/transx/fonts/fontawesome-webfont3e6e.woff2]
[www.internationalshipcare.com/wp-content/themes/transx/fonts/fontawesome-webfontd41d.eot]
[www.internationalshipcare.com/wp-content/themes/transx/fonts/fontawesome-webfont3e6e.woff]
[www.internationalshipcare.com/wp-content/themes/transx/fonts/fontawesome-webfont3e6e.ttf]
[www.internationalshipcare.com/wp-content/themes/transx/css/font-awesome.min6a4d.css]
[www.internationalshipcare.com/wp-content/themes/transx/img/arrow_left.png]
[www.internationalshipcare.com/wp-content/themes/transx/fonts/fontawesome-webfont3e6e.svg]
[www.internationalshipcare.com/wp-content/themes/transx/img/arrow_right.png]
[www.internationalshipcare.com/wp-content/themes/transx/fonts/storytella4ff8.eot]
[www.internationalshipcare.com/wp-content/themes/transx/fonts/storytella4ff8.woff]
[www.internationalshipcare.com/wp-content/themes/transx/fonts/storytella4ff8.ttf]
[www.internationalshipcare.com/wp-content/themes/transx/fonts/storytella4ff8.svg]
[demo.artureanec.com/themes/transx/wp-content/uploads/2020/11/about-safari_left.76.delayed]
[www.internationalshipcare.com/wp-content/themes/transx/css/theme6a4d.css]
[shipcare.cabletie.com.my/wp-content/uploads/2022/07/page_bg_1-1.html]
[shipcare.cabletie.com.my/wp-content/uploads/2022/07/404-1.html]
[shipcare.cabletie.com.my/wp-content/uploads/2022/07/page_bg_3-1.html]
[www.internationalshipcare.com/wp-content/themes/transx/css/owl.carousel6a4d.css]
[www.internationalshipcare.com/wp-content/plugins/quadmenu/assets/frontend/pscrollbar/perfect-scrollbar.min95b8.css]
[www.internationalshipcare.com/wp-content/plugins/quadmenu/assets/frontend/owlcarousel/owl.carousel.min95b8.css]
[www.internationalshipcare.com/wp-includes/fonts/dashicons7d4b.eot]
[www.internationalshipcare.com/wp-includes/css/dashicons.min6a4d.css]
[www.internationalshipcare.com/wp-includes/fonts/dashicons7d4b.ttf]
[www.internationalshipcare.com/wp-content/plugins/elementor/assets/lib/eicons/fonts/eicons5519.eot]
[www.internationalshipcare.com/wp-content/plugins/elementor/assets/lib/eicons/fonts/eicons5519.woff2]
[www.internationalshipcare.com/wp-content/plugins/elementor/assets/lib/eicons/fonts/eicons5519.woff]
[www.internationalshipcare.com/wp-content/plugins/elementor/assets/lib/eicons/fonts/eicons5519.ttf]
[www.internationalshipcare.com/wp-content/plugins/elementor/assets/lib/eicons/css/elementor-icons.min7816.css]
[www.internationalshipcare.com/wp-content/plugins/elementor/assets/css/frontend-lite.mina4f3.css]
[www.internationalshipcare.com/wp-content/uploads/elementor/css/post-671ef.css]
[www.internationalshipcare.com/wp-content/plugins/elementor/assets/lib/eicons/fonts/eicons5519.svg]
[www.internationalshipcare.com/wp-content/plugins/transx-plugin/img/price_background.png]
[www.internationalshipcare.com/wp-content/plugins/transx-plugin/img/slide_img.png]
[www.internationalshipcare.com/wp-content/plugins/transx-plugin/css/transx_plugin6a4d.css]
[www.internationalshipcare.com/wp-content/plugins/transx-plugin/css/jquery.fancybox.min6a4d.css]
[www.internationalshipcare.com/wp-content/plugins/transx-plugin/css/ion.rangeSlider.min6a4d.css]
[www.internationalshipcare.com/wp-content/uploads/elementor/css/global71ef.css]
[www.internationalshipcare.com/wp-content/uploads/2022/09/service-1-scaled-1.webp]
[www.internationalshipcare.com/wp-content/uploads/2022/09/service-2-scaled-1.webp]
[www.internationalshipcare.com/wp-content/uploads/2022/09/service-3-scaled-1.webp]
[www.internationalshipcare.com/wp-content/uploads/2022/09/service-4-683x1024-1.webp]
[www.internationalshipcare.com/wp-content/uploads/2022/09/IMG_9924-scaled-1.webp]
[www.internationalshipcare.com/wp-content/uploads/2022/09/IMG_9925.webp]
[www.internationalshipcare.com/wp-content/uploads/2022/08/service-1-scaled.jpg]
[www.internationalshipcare.com/wp-content/uploads/2022/08/service-2-scaled.jpg]
[www.internationalshipcare.com/wp-content/uploads/2022/08/service-3-scaled.jpg]
[www.internationalshipcare.com/wp-content/uploads/2022/08/service-4-scaled.jpg]
[www.internationalshipcare.com/wp-content/uploads/2022/08/service-5-scaled.jpg]
[www.internationalshipcare.com/wp-content/uploads/2022/08/service-6.jpg]
[www.internationalshipcare.com/wp-content/uploads/elementor/css/post-5762e2.css]
[www.internationalshipcare.com/wp-content/plugins/elementor/assets/lib/font-awesome/css/fontawesome.min52d5.css]
[www.internationalshipcare.com/wp-content/plugins/elementor/assets/lib/font-awesome/webfonts/fa-regular-400.eot]
[www.internationalshipcare.com/wp-content/plugins/elementor/assets/lib/font-awesome/webfonts/fa-regular-400d41d.eot]
[www.internationalshipcare.com/wp-content/plugins/elementor/assets/lib/font-awesome/webfonts/fa-regular-400.woff2]
[www.internationalshipcare.com/wp-content/plugins/elementor/assets/lib/font-awesome/webfonts/fa-regular-400.woff]
[www.internationalshipcare.com/wp-content/plugins/elementor/assets/lib/font-awesome/webfonts/fa-regular-400.ttf]
[www.internationalshipcare.com/wp-content/plugins/elementor/assets/lib/font-awesome/css/regular.min52d5.css]
[www.internationalshipcare.com/wp-content/plugins/elementor/assets/lib/font-awesome/webfonts/fa-regular-400.svg]
[www.internationalshipcare.com/wp-content/plugins/elementor/assets/lib/font-awesome/webfonts/fa-solid-900.eot]
[www.internationalshipcare.com/wp-content/plugins/elementor/assets/lib/font-awesome/webfonts/fa-solid-900.woff2]
[www.internationalshipcare.com/wp-content/plugins/elementor/assets/lib/font-awesome/webfonts/fa-solid-900d41d.eot]
[www.internationalshipcare.com/wp-content/plugins/elementor/assets/lib/font-awesome/webfonts/fa-solid-900.woff]
[www.internationalshipcare.com/wp-content/plugins/elementor/assets/lib/font-awesome/webfonts/fa-solid-900.ttf]
[www.internationalshipcare.com/wp-content/plugins/elementor/assets/lib/font-awesome/css/solid.min52d5.css]
[www.internationalshipcare.com/wp-content/uploads/2022/08/who-we-are-hero-scaled.jpg]
[www.internationalshipcare.com/wp-content/plugins/elementor/assets/lib/font-awesome/webfonts/fa-solid-900.svg]
[www.internationalshipcare.com/wp-content/uploads/2022/08/19A0062-scaled.jpg]
[demo.artureanec.com/themes/transx-new/wp-content/uploads/2021/06/contacts-map.png]
[www.internationalshipcare.com/wp-content/uploads/elementor/css/post-2092cc31.css]
[www.internationalshipcare.com/wp-json/wp/v2/pages/2092.json]
[www.internationalshipcare.com/wp-json/oembed/1.0/embed20c7.json]
[www.internationalshipcare.com/wp-json/oembed/1.0/embed4335]
[www.internationalshipcare.com/wp-content/uploads/2022/08/19A9843-1024x683.jpg]
[www.internationalshipcare.com/wp-content/uploads/2022/08/800_2153-1-1024x683.jpg]
[www.internationalshipcare.com/who-we-are/index.html]
[www.internationalshipcare.com/wp-content/uploads/2022/08/800_2243-1-scaled.jpg]
[www.internationalshipcare.com/wp-content/uploads/elementor/css/post-2120ae8c.css]
[www.internationalshipcare.com/wp-json/wp/v2/pages/2120.json]
[www.internationalshipcare.com/wp-json/oembed/1.0/embed84ec.json]
[www.internationalshipcare.com/wp-json/oembed/1.0/embed003d]
[www.internationalshipcare.com/why-isc/index.html]
[www.internationalshipcare.com/wp-content/uploads/2022/09/locations-banner-scaled.jpg]
[www.internationalshipcare.com/wp-content/uploads/elementor/css/post-217592a7.css]
[www.internationalshipcare.com/wp-json/wp/v2/pages/2175.json]
[www.internationalshipcare.com/wp-json/oembed/1.0/embed6281.json]
[www.internationalshipcare.com/wp-json/oembed/1.0/embed54e4]
[www.internationalshipcare.com/locations/index.html]
[www.internationalshipcare.com/wp-content/uploads/2022/09/layup-banner-scaled.jpg]
[www.internationalshipcare.com/wp-content/uploads/elementor/css/post-21826e9b.css]
[www.internationalshipcare.com/wp-json/wp/v2/pages/2182.json]
[www.internationalshipcare.com/wp-json/oembed/1.0/embedfa34.json]
[www.internationalshipcare.com/wp-json/oembed/1.0/embed4dde]
[www.internationalshipcare.com/vessel-layup-services/index.html]
[www.internationalshipcare.com/wp-content/uploads/2022/09/other-services-banner-scaled.jpg]
[www.internationalshipcare.com/wp-content/uploads/elementor/css/post-22013e06.css]
[www.internationalshipcare.com/wp-json/wp/v2/pages/2201.json]
[www.internationalshipcare.com/wp-json/oembed/1.0/embed2b2a.json]
[www.internationalshipcare.com/wp-json/oembed/1.0/embedf348]
[www.internationalshipcare.com/other-services/index.html]
[www.internationalshipcare.com/wp-content/uploads/2022/08/photo-collage-overlay.jpg]
[www.internationalshipcare.com/wp-content/uploads/elementor/css/post-22447b65.css]
[www.internationalshipcare.com/wp-json/wp/v2/pages/2244.json]
[www.internationalshipcare.com/wp-json/oembed/1.0/embedd120.json]
[www.internationalshipcare.com/wp-json/oembed/1.0/embed850f]
[www.internationalshipcare.com/wp-content/uploads/2022/08/pravin-540x740.jpg]
[www.internationalshipcare.com/wp-content/uploads/2022/11/dharma2-540x740.jpg]
[www.internationalshipcare.com/wp-content/uploads/2022/09/chok-mei-final-1-600x600.jpg]
[www.internationalshipcare.com/wp-content/uploads/2022/08/iszam-scaled-540x740.jpg]
[www.internationalshipcare.com/wp-content/uploads/2022/08/ismadi-scaled-540x740.jpg]
[www.internationalshipcare.com/wp-content/uploads/2022/08/ashraf-scaled-540x740.jpg]
[www.internationalshipcare.com/wp-content/uploads/2022/08/gobi-scaled-540x740.jpg]
[www.internationalshipcare.com/wp-content/uploads/2022/08/alawi-scaled-540x740.jpg]
[www.internationalshipcare.com/wp-content/uploads/2022/08/wahyuning-scaled-540x740.jpg]
[www.internationalshipcare.com/wp-content/uploads/2022/08/rafidah-scaled-540x740.jpg]
[www.internationalshipcare.com/wp-content/uploads/2022/08/sheling-scaled-540x740.jpg]
[www.internationalshipcare.com/meet-our-team/index.html]
[www.internationalshipcare.com/wp-content/uploads/2022/08/career-hero-scaled.jpg]
[www.internationalshipcare.com/wp-content/uploads/elementor/css/post-2280eb89.css]
[www.internationalshipcare.com/wp-json/wp/v2/pages/2280.json]
[www.internationalshipcare.com/wp-json/oembed/1.0/embed928c.json]
[www.internationalshipcare.com/wp-json/oembed/1.0/embedea44]
[www.internationalshipcare.com/career/index.html]
[www.internationalshipcare.com/wp-content/uploads/2022/08/contact-us-hero-scaled.jpg]
[www.internationalshipcare.com/wp-content/uploads/elementor/css/post-2269f5a1.css]
[www.internationalshipcare.com/wp-json/wp/v2/pages/2269.json]
[www.internationalshipcare.com/wp-json/oembed/1.0/embed260e.json]
[www.internationalshipcare.com/wp-json/oembed/1.0/embedd72f]
[www.internationalshipcare.com/contact-us/index.html]
[www.internationalshipcare.com/vessel-layup/index.html]
[www.internationalshipcare.com/wp-content/plugins/wpforms-lite/assets/images/submit-spin.svg]
[www.internationalshipcare.com/wp-content/plugins/ht-mega-for-elementor/assets/images/pricing/pricing-ribon.png]
[www.internationalshipcare.com/wp-content/plugins/ht-mega-for-elementor/assets/images/icons/line.svg]
[www.internationalshipcare.com/wp-content/plugins/ht-mega-for-elementor/assets/css/htmega-widgets055b.css]
[www.internationalshipcare.com/wp-content/plugins/elementor/assets/lib/animations/animations.mina4f3.css]
[www.internationalshipcare.com/wp-content/plugins/wpforms-lite/assets/images/times-solid-white.svg]
[www.internationalshipcare.com/wp-content/plugins/elementor/assets/lib/font-awesome/fonts/fontawesome-webfont3e6e.svg]
[www.internationalshipcare.com/wp-content/themes/transx/fonts/fontawesome-webfont3e6e.svg]
[www.internationalshipcare.com/wp-content/themes/transx/fonts/storytella4ff8.svg]
[demo.artureanec.com/themes/transx/wp-content/uploads/2020/11/about-safari_left.html]
[www.internationalshipcare.com/wp-content/themes/transx/css/owl.video.play.html]
[www.internationalshipcare.com/wp-content/plugins/quadmenu/assets/frontend/owlcarousel/owl.video.play.html]
[www.internationalshipcare.com/wp-content/plugins/elementor/assets/lib/eicons/fonts/eicons5519.svg]
[www.internationalshipcare.com/wp-content/plugins/elementor/assets/lib/font-awesome/webfonts/fa-regular-400.svg]
[www.internationalshipcare.com/wp-content/plugins/elementor/assets/lib/font-awesome/webfonts/fa-solid-900.svg]
[www.internationalshipcare.com/wp-content/uploads/elementor/css/post-2092cc31.css]
[www.internationalshipcare.com/indexccbb.html]
[www.internationalshipcare.com/wp-content/uploads/elementor/css/post-2120ae8c.css]
[www.internationalshipcare.com/index36a4.html]
[www.internationalshipcare.com/wp-content/uploads/elementor/css/post-217592a7.css]
[www.internationalshipcare.com/indexb15f.html]
[www.internationalshipcare.com/wp-content/uploads/elementor/css/post-21826e9b.css]
[www.internationalshipcare.com/index4978.html]
[www.internationalshipcare.com/wp-content/uploads/elementor/css/post-22013e06.css]
[www.internationalshipcare.com/indexb624.html]
[www.internationalshipcare.com/wp-content/uploads/elementor/css/post-22447b65.css]
[www.internationalshipcare.com/index4c6d.html]
[www.internationalshipcare.com/wp-content/uploads/elementor/css/post-2280eb89.css]
[www.internationalshipcare.com/indexc13a.html]
[www.internationalshipcare.com/wp-content/uploads/elementor/css/post-2269f5a1.css]
[www.internationalshipcare.com/indexa7b1.html]
[www.internationalshipcare.com/wp-content/plugins/ht-mega-for-elementor/assets/css/img/gallery/bgDescription.html]
[www.internationalshipcare.com/wp-content/plugins/ht-mega-for-elementor/assets/css/img/gallery/gallery-e1.html]
[www.internationalshipcare.com/wp-content/plugins/ht-mega-for-elementor/assets/css/img/bg/bg-image-12.html]
[www.internationalshipcare.com/wp-content/plugins/ht-mega-for-elementor/assets/images/icons/line.svg]
[www.internationalshipcare.com/wp-content/plugins/ht-mega-for-elementor/assets/css/img/others/business-shape.html]
[www.internationalshipcare.com/wp-content/plugins/ht-mega-for-elementor/assets/css/img/bg/bg-image-40.html]
